// Jest Snapshot v1, https://goo.gl/fbAQLP

exports[`"with map" hoc rendered component correctly 1`] = `<div />`;
